[probe-ddp] host=gpu80 date=2026-09-29T18:50:20+02:00 cpus=64 git=5d13250 probe_ddp.sbatch: 'py script' entries
0, NVIDIA H100, 95830 MiB, 595.71.05
1, NVIDIA H100, 95830 MiB, 595.71.05
2, NVIDIA H100, 95830 MiB, 595.71.05
3, NVIDIA H100, 95830 MiB, 595.71.05
[probe-ddp] torch 2.13.0+cu130 cuda 13.0 nccl (2, 29, 7) timm 1.0.28
[probe-ddp] nproc=4 args=--query erp_depth --head --batch 32 --tf32 --encoder-dtype bfloat16 --compile encoder --train-limit 128 --save-every-epochs 1 --resume auto --val-samples 32 --tag ddp_fast --out /mnt/storage_6/project_data/pl1269-01/krupka_maciej/probe_ddp/experiments/smoke --epochs 2 2026-09-29T18:50:31+02:00
DDP: global batch 32 = 4 ranks x 8 per rank (backend nccl, rank 0 on cuda:0)
TF32 matmuls/convolutions ON (--tf32)
pose NLL weight 0.5  refine weight 0.0
train 42087 (['NewYork', 'Seattle', 'SanFrancisco', 'Chicago'])  val 32 of 10522 held out from the train list (val_frac 0.2)  mode erp_depth  batch 32
depth: dropped 0 train / 0 val labels without a depth file -> train 42087  val 32
VCE weight 1.0  {'mode': 'sample', 'n_samples': 1024, 'grid_m': 5.0, 'points': 10, 'use_certainty': True}
--train-limit: training on the first 128 labels only (smoke test)
4 steps per epoch (global batch 32, drop_last)  total 8 steps = 2 epochs  validation every 4 steps  workers 8 prefetch 2 pin_memory True
Using Dinov3 as Sat Encoder, model: vit_large_patch16_dinov3.sat493m
encoder autocast bfloat16  compile encoder  attention: encoder {'EvaAttention.fused_attn=True': 24, 'sdpa_flash_enabled': True, 'sdpa_mem_efficient_enabled': True} decoder {'sdpa_flash_enabled': True, 'sdpa_mem_efficient_enabled': True}
no --ckpt: decoder = released Sat-RoMa checkpoint, query untrained
query erp_depth: 2.23 M trainable parameters (lr 0.0002)
checkpoint contents: query 2.23 M tensors (9 MiB)  decoder 66.71 M tensors (254 MiB)  | optimised 68.94 M params | frozen encoder 303.1 M NOT saved
torch.compile: ['encoder']
--resume auto: no /mnt/storage_6/project_data/pl1269-01/krupka_maciej/probe_ddp/checkpoints/vigor_ddp_fast_resume.pt, starting fresh

step 1 TRAIN  CE 8.016  poseNLL 7.605  top1 0.0%  arg 27.9 m  n 35801  VCE 20.50 m  procrustes 20.30 m  (17s, epoch 0.25)
step 4 VAL    CE 6.684  poseNLL 6.549  top1 0.6%  heatmap-argmax (not a pose) 15.2 m  n 37778  VCE 13.95 m  procrustes 13.82 m
  best -> /mnt/storage_6/project_data/pl1269-01/krupka_maciej/probe_ddp/checkpoints/vigor_ddp_fast_best.pt
  epoch 1 -> /mnt/storage_6/project_data/pl1269-01/krupka_maciej/probe_ddp/checkpoints/vigor_ddp_fast_ep001.pt (263 MiB)
step 8 VAL    CE 6.558  poseNLL 6.431  top1 1.0%  heatmap-argmax (not a pose) 14.4 m  n 37778  VCE 13.41 m  procrustes 13.37 m
  best -> /mnt/storage_6/project_data/pl1269-01/krupka_maciej/probe_ddp/checkpoints/vigor_ddp_fast_best.pt
  epoch 2 -> /mnt/storage_6/project_data/pl1269-01/krupka_maciej/probe_ddp/checkpoints/vigor_ddp_fast_ep002.pt (263 MiB)
wrote /mnt/storage_6/project_data/pl1269-01/krupka_maciej/probe_ddp/checkpoints/vigor_ddp_fast_best.pt (best, step 8), /mnt/storage_6/project_data/pl1269-01/krupka_maciej/probe_ddp/checkpoints/vigor_ddp_fast_last_finite.pt (last finite validation) and /mnt/storage_6/project_data/pl1269-01/krupka_maciej/probe_ddp/checkpoints/vigor_ddp_fast_last.pt (last, step 8, 263 MiB); resume state /mnt/storage_6/project_data/pl1269-01/krupka_maciej/probe_ddp/checkpoints/vigor_ddp_fast_resume.pt; non-finite steps 0, no-update steps 0
[probe-ddp] exit=0 2026-09-29T18:52:31+02:00
[probe-ddp] nproc=4 args=--query erp_depth --head --batch 32 --tf32 --encoder-dtype bfloat16 --compile encoder --train-limit 128 --save-every-epochs 1 --resume auto --val-samples 32 --tag ddp_fast --out /mnt/storage_6/project_data/pl1269-01/krupka_maciej/probe_ddp/experiments/smoke --epochs 3 2026-09-29T18:52:31+02:00
DDP: global batch 32 = 4 ranks x 8 per rank (backend nccl, rank 0 on cuda:0)
TF32 matmuls/convolutions ON (--tf32)
pose NLL weight 0.5  refine weight 0.0
train 42087 (['NewYork', 'Seattle', 'SanFrancisco', 'Chicago'])  val 32 of 10522 held out from the train list (val_frac 0.2)  mode erp_depth  batch 32
depth: dropped 0 train / 0 val labels without a depth file -> train 42087  val 32
VCE weight 1.0  {'mode': 'sample', 'n_samples': 1024, 'grid_m': 5.0, 'points': 10, 'use_certainty': True}
--train-limit: training on the first 128 labels only (smoke test)
4 steps per epoch (global batch 32, drop_last)  total 12 steps = 3 epochs  validation every 4 steps  workers 8 prefetch 2 pin_memory True
Using Dinov3 as Sat Encoder, model: vit_large_patch16_dinov3.sat493m
encoder autocast bfloat16  compile encoder  attention: encoder {'EvaAttention.fused_attn=True': 24, 'sdpa_flash_enabled': True, 'sdpa_mem_efficient_enabled': True} decoder {'sdpa_flash_enabled': True, 'sdpa_mem_efficient_enabled': True}
no --ckpt: decoder = released Sat-RoMa checkpoint, query untrained
query erp_depth: 2.23 M trainable parameters (lr 0.0002)
checkpoint contents: query 2.23 M tensors (9 MiB)  decoder 66.71 M tensors (254 MiB)  | optimised 68.94 M params | frozen encoder 303.1 M NOT saved
torch.compile: ['encoder']
--resume auto: resuming from /mnt/storage_6/project_data/pl1269-01/krupka_maciej/probe_ddp/checkpoints/vigor_ddp_fast_resume.pt
resumed /mnt/storage_6/project_data/pl1269-01/krupka_maciej/probe_ddp/checkpoints/vigor_ddp_fast_resume.pt: step 8 (epoch 2.00), best 13.375 at step 8
step 9 TRAIN  CE 6.652  poseNLL 6.534  top1 0.3%  arg 17.0 m  n 37424  VCE 13.83 m  procrustes 13.79 m  (81s, epoch 2.25)

step 12 VAL    CE 6.224  poseNLL 6.042  top1 1.1%  heatmap-argmax (not a pose) 11.9 m  n 37778  VCE 12.52 m  procrustes 12.49 m
  best -> /mnt/storage_6/project_data/pl1269-01/krupka_maciej/probe_ddp/checkpoints/vigor_ddp_fast_best.pt
  epoch 3 -> /mnt/storage_6/project_data/pl1269-01/krupka_maciej/probe_ddp/checkpoints/vigor_ddp_fast_ep003.pt (263 MiB)
wrote /mnt/storage_6/project_data/pl1269-01/krupka_maciej/probe_ddp/checkpoints/vigor_ddp_fast_best.pt (best, step 12), /mnt/storage_6/project_data/pl1269-01/krupka_maciej/probe_ddp/checkpoints/vigor_ddp_fast_last_finite.pt (last finite validation) and /mnt/storage_6/project_data/pl1269-01/krupka_maciej/probe_ddp/checkpoints/vigor_ddp_fast_last.pt (last, step 12, 263 MiB); resume state /mnt/storage_6/project_data/pl1269-01/krupka_maciej/probe_ddp/checkpoints/vigor_ddp_fast_resume.pt; non-finite steps 0, no-update steps 0
[probe-ddp] exit=0 2026-09-29T18:53:57+02:00
[probe-ddp] nproc=py args=experiments/keys.py checkpoints/vigor_cmp_single_last.pt checkpoints/vigor_ddp_fast_last.pt checkpoints/vigor_ddp_fast_ep003.pt checkpoints/vigor_ddp_smoke_last.pt checkpoints/vigor_cmp_ddp_last.pt 2026-09-29T18:53:57+02:00
KEYS checkpoints/vigor_ddp_fast_last.pt n 90 prefixed 0 same_keys_as_single_gpu True same_shapes True world 4 b_rank 8 enc bfloat16 compile encoder tf32 True
KEYS checkpoints/vigor_ddp_fast_ep003.pt n 90 prefixed 0 same_keys_as_single_gpu True same_shapes True world 4 b_rank 8 enc bfloat16 compile encoder tf32 True
KEYS checkpoints/vigor_ddp_smoke_last.pt n 90 prefixed 0 same_keys_as_single_gpu True same_shapes True world 4 b_rank 8 enc None compile None tf32 False
KEYS checkpoints/vigor_cmp_ddp_last.pt n 90 prefixed 0 same_keys_as_single_gpu True same_shapes True world 4 b_rank 8 enc None compile None tf32 False
[probe-ddp] exit=0 2026-09-29T18:54:03+02:00
[probe-ddp] nproc=4 args=--query erp_depth --head --batch 128 --tf32 --encoder-dtype bfloat16 --compile encoder --profile 6 --tag probe --out /mnt/storage_6/project_data/pl1269-01/krupka_maciej/probe_ddp/experiments/probe 2026-09-29T18:54:03+02:00
DDP: global batch 128 = 4 ranks x 32 per rank (backend nccl, rank 0 on cuda:0)
TF32 matmuls/convolutions ON (--tf32)
pose NLL weight 0.5  refine weight 0.0
train 42087 (['NewYork', 'Seattle', 'SanFrancisco', 'Chicago'])  val 200 of 10522 held out from the train list (val_frac 0.2)  mode erp_depth  batch 128
depth: dropped 0 train / 0 val labels without a depth file -> train 42087  val 200
VCE weight 1.0  {'mode': 'sample', 'n_samples': 1024, 'grid_m': 5.0, 'points': 10, 'use_certainty': True}
328 steps per epoch (global batch 128, drop_last)  total 3000 steps = 9.15 epochs  validation every 500 steps  workers 8 prefetch 2 pin_memory True
Using Dinov3 as Sat Encoder, model: vit_large_patch16_dinov3.sat493m
encoder autocast bfloat16  compile encoder  attention: encoder {'EvaAttention.fused_attn=True': 24, 'sdpa_flash_enabled': True, 'sdpa_mem_efficient_enabled': True} decoder {'sdpa_flash_enabled': True, 'sdpa_mem_efficient_enabled': True}
no --ckpt: decoder = released Sat-RoMa checkpoint, query untrained
query erp_depth: 2.23 M trainable parameters (lr 0.0002)
checkpoint contents: query 2.23 M tensors (9 MiB)  decoder 66.71 M tensors (254 MiB)  | optimised 68.94 M params | frozen encoder 303.1 M NOT saved
torch.compile: ['encoder']
per-sample CPU cost (main process, s): {'total': 0.041592734851292334, 'total_warm': 0.03707597579341382, 'pano_decode': 0.009061370619747322, 'pano_resize': 0.0022403366820071824, 'depth': 0.01868951218057191, 'reference': 0.005456301296362653}
[probe-ddp] exit=0 2026-09-29T18:56:13+02:00
[probe-ddp] nproc=4 args=--query erp_depth --head --batch 64 --tf32 --encoder-dtype bfloat16 --compile encoder --profile 8 --tag probe --out /mnt/storage_6/project_data/pl1269-01/krupka_maciej/probe_ddp/experiments/probe 2026-09-29T18:56:13+02:00
DDP: global batch 64 = 4 ranks x 16 per rank (backend nccl, rank 0 on cuda:0)
TF32 matmuls/convolutions ON (--tf32)
pose NLL weight 0.5  refine weight 0.0
train 42087 (['NewYork', 'Seattle', 'SanFrancisco', 'Chicago'])  val 200 of 10522 held out from the train list (val_frac 0.2)  mode erp_depth  batch 64
depth: dropped 0 train / 0 val labels without a depth file -> train 42087  val 200
VCE weight 1.0  {'mode': 'sample', 'n_samples': 1024, 'grid_m': 5.0, 'points': 10, 'use_certainty': True}
657 steps per epoch (global batch 64, drop_last)  total 3000 steps = 4.57 epochs  validation every 500 steps  workers 8 prefetch 2 pin_memory True
Using Dinov3 as Sat Encoder, model: vit_large_patch16_dinov3.sat493m
encoder autocast bfloat16  compile encoder  attention: encoder {'EvaAttention.fused_attn=True': 24, 'sdpa_flash_enabled': True, 'sdpa_mem_efficient_enabled': True} decoder {'sdpa_flash_enabled': True, 'sdpa_mem_efficient_enabled': True}
no --ckpt: decoder = released Sat-RoMa checkpoint, query untrained
query erp_depth: 2.23 M trainable parameters (lr 0.0002)
checkpoint contents: query 2.23 M tensors (9 MiB)  decoder 66.71 M tensors (254 MiB)  | optimised 68.94 M params | frozen encoder 303.1 M NOT saved
torch.compile: ['encoder']
per-sample CPU cost (main process, s): {'total': 0.03978020754584577, 'total_warm': 0.03751785182248568, 'pano_decode': 0.008983924184576608, 'pano_resize': 0.0027196841765544377, 'depth': 0.018994233934790827, 'reference': 0.005180076877877582}
[probe-ddp] exit=0 2026-09-29T18:58:02+02:00
[probe-ddp] nproc=4 args=--config configs/vigor_cell00625_fine.yaml --ckpt checkpoints/vigor_samearea_4city_erp_depth_cell0125_last.pt --batch 32 --tf32 --encoder-dtype bfloat16 --compile encoder --profile 10 --tag probe --out /mnt/storage_6/project_data/pl1269-01/krupka_maciej/probe_ddp/experiments/probe 2026-09-29T18:58:02+02:00
DDP: global batch 32 = 4 ranks x 8 per rank (backend nccl, rank 0 on cuda:0)
TF32 matmuls/convolutions ON (--tf32)
pose NLL weight 0.5  refine weight 0.0
train 42087 (['NewYork', 'Seattle', 'SanFrancisco', 'Chicago'])  val 200 of 10522 held out from the train list (val_frac 0.2)  mode erp_depth  batch 32
reference: 56.0 m window at 0.0625 m/px centred on the true position + a uniform disc jitter of radius 6.0 m (train: fresh per draw; val: fixed per sample, jitter_seed 0)
depth: dropped 0 train / 0 val labels without a depth file -> train 42087  val 200
VCE weight 1.0  {'mode': 'sample', 'n_samples': 1024, 'grid_m': 5.0, 'points': 10, 'use_certainty': True}
1315 steps per epoch (global batch 32, drop_last)  total 3000 steps = 2.28 epochs  validation every 500 steps  workers 8 prefetch 2 pin_memory True
Using Dinov3 as Sat Encoder, model: vit_large_patch16_dinov3.sat493m
encoder autocast bfloat16  compile encoder  attention: encoder {'EvaAttention.fused_attn=True': 24, 'sdpa_flash_enabled': True, 'sdpa_mem_efficient_enabled': True} decoder {'sdpa_flash_enabled': True, 'sdpa_mem_efficient_enabled': True}
query erp_depth: 2.23 M trainable parameters (lr 0.0002)
checkpoint contents: query 2.23 M tensors (9 MiB)  decoder 66.71 M tensors (254 MiB)  | optimised 68.94 M params | frozen encoder 303.1 M NOT saved
torch.compile: ['encoder']
per-sample CPU cost (main process, s): {'total': 0.04537301843811292, 'total_warm': 0.03820120057207532, 'pano_decode': 0.008942097192630172, 'pano_resize': 0.0025985959437093697, 'depth': 0.018282319622812793, 'reference': 0.005431526551546995}
[probe-ddp] exit=0 2026-09-29T18:59:21+02:00
[probe-ddp] nproc=1 args=--config configs/vigor_cell00625_fine.yaml --ckpt checkpoints/vigor_samearea_4city_fine00625_erp_depth_last.pt --tf32 --check-encoder --encoder-dtype bfloat16 --val-samples 200 --val-batch 16 --tag chk --out /mnt/storage_6/project_data/pl1269-01/krupka_maciej/probe_ddp/experiments/chk 2026-09-29T18:59:21+02:00
TF32 matmuls/convolutions ON (--tf32)
pose NLL weight 0.5  refine weight 0.0
train 42087 (['NewYork', 'Seattle', 'SanFrancisco', 'Chicago'])  val 200 of 10522 held out from the train list (val_frac 0.2)  mode erp_depth  batch 4
reference: 56.0 m window at 0.0625 m/px centred on the true position + a uniform disc jitter of radius 6.0 m (train: fresh per draw; val: fixed per sample, jitter_seed 0)
depth: dropped 0 train / 0 val labels without a depth file -> train 42087  val 200
VCE weight 1.0  {'mode': 'sample', 'n_samples': 1024, 'grid_m': 5.0, 'points': 10, 'use_certainty': True}
10521 steps per epoch (batch 4, drop_last)  total 3000 steps = 0.29 epochs  validation every 500 steps  workers 8 prefetch 2 pin_memory True
Using Dinov3 as Sat Encoder, model: vit_large_patch16_dinov3.sat493m
encoder autocast bfloat16  compile none  attention: encoder {'EvaAttention.fused_attn=True': 24, 'sdpa_flash_enabled': True, 'sdpa_mem_efficient_enabled': True} decoder {'sdpa_flash_enabled': True, 'sdpa_mem_efficient_enabled': True}
query erp_depth: 2.23 M trainable parameters (lr 0.0002)
checkpoint contents: query 2.23 M tensors (9 MiB)  decoder 66.71 M tensors (254 MiB)  | optimised 68.94 M params | frozen encoder 303.1 M NOT saved
check float32: {'ce': 3.9608130995570803, 'top1': 0.07054012027632557, 'top5': 0.29092443565584347, 'cell_err_m': 3.0440487105217184, 'pose_nll': 3.1658961735328512, 'pose_err_m': 1.9200480395541566, 'vce_m': 1.7350703844657311, 'vce_pose_m': 1.730155926484328, 'fine_epe_px': nan, 'fine_epe_in_px': nan, 'fine_skipped': 0, 'n': 231060, 'pose_m': 1.9200480395541566, 'sec': 17.573031187057495}
check bfloat16: {'ce': 3.9595512957312087, 'top1': 0.07060070942950619, 'top5': 0.29090712681808667, 'cell_err_m': 3.0438979562563184, 'pose_nll': 3.164842900991089, 'pose_err_m': 1.9268432617089475, 'vce_m': 1.7333404834453876, 'vce_pose_m': 1.7281206937936635, 'fine_epe_px': nan, 'fine_epe_in_px': nan, 'fine_skipped': 0, 'n': 231060, 'pose_m': 1.9268432617089475, 'sec': 8.547518491744995}
CHECK {"encoder_dtype": "bfloat16", "ckpt": "checkpoints/vigor_samearea_4city_fine00625_erp_depth_last.pt", "val_samples": 200, "token_diff": {"ref": {"max_abs": 41.2667236328125, "mean_abs": 0.1167556494474411, "ref_mean_abs": 13.792632102966309, "rel_mean": 0.008465074002742767, "cos_mean": 0.9999929666519165, "cos_min": 0.9984710216522217, "shape": [16, 1024, 56, 56]}, "pano": {"max_abs": 98.061279296875, "mean_abs": 0.1611814796924591, "ref_mean_abs": 14.899802207946777, "rel_mean": 0.0108176926150918, "cos_mean": 0.9999843835830688, "cos_min": 0.9935072064399719, "shape": [16, 1024, 28, 56]}}, "tf32": true, "float32": {"ce": 3.9608130995570803, "top1": 0.07054012027632557, "top5": 0.29092443565584347, "cell_err_m": 3.0440487105217184, "pose_nll": 3.1658961735328512, "pose_err_m": 1.9200480395541566, "vce_m": 1.7350703844657311, "vce_pose_m": 1.730155926484328, "fine_epe_px": NaN, "fine_epe_in_px": NaN, "fine_skipped": 0, "n": 231060, "pose_m": 1.9200480395541566, "sec": 17.573031187057495}, "bfloat16": {"ce": 3.9595512957312087, "top1": 0.07060070942950619, "top5": 0.29090712681808667, "cell_err_m": 3.0438979562563184, "pose_nll": 3.164842900991089, "pose_err_m": 1.9268432617089475, "vce_m": 1.7333404834453876, "vce_pose_m": 1.7281206937936635, "fine_epe_px": NaN, "fine_epe_in_px": NaN, "fine_skipped": 0, "n": 231060, "pose_m": 1.9268432617089475, "sec": 8.547518491744995}}
[probe-ddp] exit=0 2026-09-29T19:00:56+02:00
[probe-ddp] nproc=4 args=--query erp_depth --head --batch 32 --steps 12 --vce-weight 0 --val-every 1000 --val-samples 32 --out /mnt/storage_6/project_data/pl1269-01/krupka_maciej/probe_ddp/experiments/cmp --tag cmp0_ddp 2026-09-29T19:00:56+02:00
DDP: global batch 32 = 4 ranks x 8 per rank (backend nccl, rank 0 on cuda:0)
pose NLL weight 0.5  refine weight 0.0
train 42087 (['NewYork', 'Seattle', 'SanFrancisco', 'Chicago'])  val 32 of 10522 held out from the train list (val_frac 0.2)  mode erp_depth  batch 32
depth: dropped 0 train / 0 val labels without a depth file -> train 42087  val 32
VCE weight 0.0  
1315 steps per epoch (global batch 32, drop_last)  total 12 steps = 0.01 epochs  validation every 1000 steps  workers 8 prefetch 2 pin_memory True
Using Dinov3 as Sat Encoder, model: vit_large_patch16_dinov3.sat493m
encoder autocast float32  compile none  attention: encoder {'EvaAttention.fused_attn=True': 24, 'sdpa_flash_enabled': True, 'sdpa_mem_efficient_enabled': True} decoder {'sdpa_flash_enabled': True, 'sdpa_mem_efficient_enabled': True}
no --ckpt: decoder = released Sat-RoMa checkpoint, query untrained
query erp_depth: 2.23 M trainable parameters (lr 0.0002)
checkpoint contents: query 2.23 M tensors (9 MiB)  decoder 66.71 M tensors (254 MiB)  | optimised 68.94 M params | frozen encoder 303.1 M NOT saved
step 1 TRAIN  CE 7.843  poseNLL 7.526  top1 0.1%  arg 26.8 m  n 37224  (4s, epoch 0.00)
step 12 VAL    CE 6.151  poseNLL 5.929  top1 0.5%  heatmap-argmax (not a pose) 12.5 m  n 37778
  best -> /mnt/storage_6/project_data/pl1269-01/krupka_maciej/probe_ddp/checkpoints/vigor_cmp0_ddp_best.pt
wrote /mnt/storage_6/project_data/pl1269-01/krupka_maciej/probe_ddp/checkpoints/vigor_cmp0_ddp_best.pt (best, step 12), /mnt/storage_6/project_data/pl1269-01/krupka_maciej/probe_ddp/checkpoints/vigor_cmp0_ddp_last_finite.pt (last finite validation) and /mnt/storage_6/project_data/pl1269-01/krupka_maciej/probe_ddp/checkpoints/vigor_cmp0_ddp_last.pt (last, step 12, 263 MiB); resume state /mnt/storage_6/project_data/pl1269-01/krupka_maciej/probe_ddp/checkpoints/vigor_cmp0_ddp_resume.pt; non-finite steps 0, no-update steps 0
[probe-ddp] exit=0 2026-09-29T19:02:13+02:00
[probe-ddp] nproc=1 args=--query erp_depth --head --batch 32 --steps 12 --vce-weight 0 --val-every 1000 --val-samples 32 --out /mnt/storage_6/project_data/pl1269-01/krupka_maciej/probe_ddp/experiments/cmp --tag cmp0_single 2026-09-29T19:02:13+02:00
pose NLL weight 0.5  refine weight 0.0
train 42087 (['NewYork', 'Seattle', 'SanFrancisco', 'Chicago'])  val 32 of 10522 held out from the train list (val_frac 0.2)  mode erp_depth  batch 32
depth: dropped 0 train / 0 val labels without a depth file -> train 42087  val 32
VCE weight 0.0  
1315 steps per epoch (batch 32, drop_last)  total 12 steps = 0.01 epochs  validation every 1000 steps  workers 8 prefetch 2 pin_memory True
Using Dinov3 as Sat Encoder, model: vit_large_patch16_dinov3.sat493m
encoder autocast float32  compile none  attention: encoder {'EvaAttention.fused_attn=True': 24, 'sdpa_flash_enabled': True, 'sdpa_mem_efficient_enabled': True} decoder {'sdpa_flash_enabled': True, 'sdpa_mem_efficient_enabled': True}
no --ckpt: decoder = released Sat-RoMa checkpoint, query untrained
query erp_depth: 2.23 M trainable parameters (lr 0.0002)
checkpoint contents: query 2.23 M tensors (9 MiB)  decoder 66.71 M tensors (254 MiB)  | optimised 68.94 M params | frozen encoder 303.1 M NOT saved
step 1 TRAIN  CE 7.843  poseNLL 7.515  top1 0.1%  arg 26.8 m  n 37224  (13s, epoch 0.00)
step 12 VAL    CE 6.172  poseNLL 5.928  top1 0.5%  heatmap-argmax (not a pose) 13.8 m  n 37778
  best -> /mnt/storage_6/project_data/pl1269-01/krupka_maciej/probe_ddp/checkpoints/vigor_cmp0_single_best.pt
wrote /mnt/storage_6/project_data/pl1269-01/krupka_maciej/probe_ddp/checkpoints/vigor_cmp0_single_best.pt (best, step 12), /mnt/storage_6/project_data/pl1269-01/krupka_maciej/probe_ddp/checkpoints/vigor_cmp0_single_last_finite.pt (last finite validation) and /mnt/storage_6/project_data/pl1269-01/krupka_maciej/probe_ddp/checkpoints/vigor_cmp0_single_last.pt (last, step 12, 263 MiB); resume state /mnt/storage_6/project_data/pl1269-01/krupka_maciej/probe_ddp/checkpoints/vigor_cmp0_single_resume.pt; non-finite steps 0, no-update steps 0
[probe-ddp] exit=0 2026-09-29T19:04:24+02:00
[probe-ddp] done date=2026-09-29T19:04:24+02:00
